stm32f4xx_it.c:55:6:turnLeft	24	static
stm32f4xx_it.c:60:6:turnRight	24	static
stm32f4xx_it.c:85:6:NMI_Handler	4	static
stm32f4xx_it.c:100:6:HardFault_Handler	4	static
stm32f4xx_it.c:115:6:MemManage_Handler	4	static
stm32f4xx_it.c:130:6:BusFault_Handler	4	static
stm32f4xx_it.c:145:6:UsageFault_Handler	4	static
stm32f4xx_it.c:160:6:SVC_Handler	4	static
stm32f4xx_it.c:173:6:DebugMon_Handler	4	static
stm32f4xx_it.c:186:6:PendSV_Handler	4	static
stm32f4xx_it.c:199:6:SysTick_Handler	8	static
stm32f4xx_it.c:220:6:DMA1_Stream0_IRQHandler	8	static
stm32f4xx_it.c:234:6:DMA1_Stream6_IRQHandler	8	static
stm32f4xx_it.c:248:6:ADC_IRQHandler	8	static
stm32f4xx_it.c:262:6:TIM3_IRQHandler	24	static
stm32f4xx_it.c:291:6:TIM4_IRQHandler	40	static
stm32f4xx_it.c:339:6:I2C1_EV_IRQHandler	8	static
stm32f4xx_it.c:353:6:I2C1_ER_IRQHandler	8	static
stm32f4xx_it.c:367:6:TIM8_UP_TIM13_IRQHandler	48	static
stm32f4xx_it.c:406:6:DMA2_Stream0_IRQHandler	8	static
